// Jest Snapshot v1, https://goo.gl/fbAQLP

exports[`Should GenreList render correctly 1`] = `
<ul
  className="catalog__genres-list"
  onClick={[Function]}
>
  <li
    className="catalog__genres-item"
  >
    <a
      className="catalog__genres-link"
      href="#"
      id="All genres"
    >
      All genres
    </a>
  </li>
  <li
    className="catalog__genres-item"
  >
    <a
      className="catalog__genres-link"
      href="#"
      id="Action"
    >
      Action
    </a>
  </li>
  <li
    className="catalog__genres-item catalog__genres-item--active"
  >
    <a
      className="catalog__genres-link"
      href="#"
      id="Crime"
    >
      Crime
    </a>
  </li>
  <li
    className="catalog__genres-item"
  >
    <a
      className="catalog__genres-link"
      href="#"
      id="Drama"
    >
      Drama
    </a>
  </li>
  <li
    className="catalog__genres-item"
  >
    <a
      className="catalog__genres-link"
      href="#"
      id="Adventure"
    >
      Adventure
    </a>
  </li>
  <li
    className="catalog__genres-item"
  >
    <a
      className="catalog__genres-link"
      href="#"
      id="Comedy"
    >
      Comedy
    </a>
  </li>
  <li
    className="catalog__genres-item"
  >
    <a
      className="catalog__genres-link"
      href="#"
      id="Fantasy"
    >
      Fantasy
    </a>
  </li>
  <li
    className="catalog__genres-item"
  >
    <a
      className="catalog__genres-link"
      href="#"
      id="Thriller"
    >
      Thriller
    </a>
  </li>
</ul>
`;
